// Jest Snapshot v1, https://goo.gl/fbAQLP

exports[`<ColoredPassword /> should render default 1`] = `
<Component
  value="D4$hlan3*feat$DuNk-C1ub"
>
  <span
    className="password"
  >
    <span
      className="letter"
      key="0"
    >
      D
    </span>
    <span
      className="number"
      key="1"
    >
      4
    </span>
    <span
      className="special"
      key="2"
    >
      $
    </span>
    <span
      className="letter"
      key="3"
    >
      hlan
    </span>
    <span
      className="number"
      key="4"
    >
      3
    </span>
    <span
      className="special"
      key="5"
    >
      *
    </span>
    <span
      className="letter"
      key="6"
    >
      feat
    </span>
    <span
      className="special"
      key="7"
    >
      $
    </span>
    <span
      className="letter"
      key="8"
    >
      DuNk
    </span>
    <span
      className="special"
      key="9"
    >
      -
    </span>
    <span
      className="letter"
      key="10"
    >
      C
    </span>
    <span
      className="number"
      key="11"
    >
      1
    </span>
    <span
      className="letter"
      key="12"
    >
      ub
    </span>
  </span>
</Component>
`;
