// Jest Snapshot v1, https://goo.gl/fbAQLP

exports[`<Accordion /> should render default 1`] = `
<Accordion>
  <div
    className="AccordionContainer"
  >
    <Section
      className="AccordionContainer"
      key=".0"
      label="Some title"
      open={false}
      toggleSection={[Function]}
    >
      <div
        className="AccordionSectionContainer"
        style={Object {}}
      >
        <header
          className="AccordionSectionHeader"
          onClick={[Function]}
        >
          <div>
            Some title
          </div>
          <div
            style={
              Object {
                "float": "right",
              }
            }
          >
            <Component
              color="#0E353D"
              height={50}
              iconAnimated={false}
              rotate={0}
              width={30}
            >
              <Component
                color="#0E353D"
                height={50}
                iconAnimated={false}
                rotate={0}
                width={30}
              >
                <svg
                  className="svgWrapper animated "
                  style={
                    Object {
                      "--icon-active-color": "#0E353D",
                      "--icon-height": "50px",
                      "--icon-hover-color": "#0E353D",
                      "--icon-idle-color": "#0E353D",
                      "--icon-rotate": "none",
                      "--icon-width": "30px",
                    }
                  }
                  version="1.1"
                  viewBox="0 0 20 20"
                  xmlns="http://www.w3.org/2000/svg"
                >
                  <path
                    clipRule="evenodd"
                    d="M10 11.5503L5.63659 6L4.5 7.00399L10 14L15.5 7.00399L14.3634 6L10 11.5503Z"
                    fillRule="evenodd"
                  />
                </svg>
              </Component>
            </Component>
          </div>
        </header>
      </div>
    </Section>
  </div>
</Accordion>
`;
